     1                                  bits 32
     2                                  
     3                                  global start
     4                                  
     5                                  extern printf, exit
     6                                  import exit msvcrt.dll
     7                                  import printf msvcrt.dll    
     8                                  
     9                                  segment data use32 class = data
    10 00000000 FF                          b db -1
    11 00000001 [00000000]                  a dd $-1
    12                                  segment code use32 class = codes
    13                                  start:
    14 00000000 66B88200                    mov ax, 128|2
    15 00000004 B712                        mov bh, 4ah>>2
    16 00000006 28FC                        sub ah, bh
    17                                      
    18 00000008 6A00                        push dword 0
    19 0000000A FF15[00000000]              call [exit]
    20                                   
