     1                                  bits 32
     2                                  
     3                                  global start
     4                                  extern printf, exit
     5                                  
     6                                  import printf msvcrt.dll
     7                                  import exit msvcrt.dll
     8                                  
     9                                  segment data use32 class = data
    10 00000000 770000000000000000-         sir dq 1110111b, 100000000h, 0ABCD00002E7FCh, 5
    10 00000009 00000001000000FCE7-
    10 00000012 0200D0BC0A00050000-
    10 0000001B 0000000000         
    11                                      len equ ($ - sir) / 8
    12 00000020 00000000<rept>              rez times len dd 0
    13 00000030 00000000                    cnt dd 0
    14 00000034 256400                      print db "%d", 0
    15 00000037 00000000                    bit dd 0
    16 0000003B 00000000                    aux dd 0
    17 0000003F 0A0D00                      new_line db 10, 13, 0
    18                                  segment code use32 class = code
    19                                  start:
    20 00000000 B904000000                  mov ecx, len 
    21 00000005 BE[00000000]                mov esi, sir
    22 0000000A BF[20000000]                mov edi, rez
    23                                      
    24                                      repeta:
    25 0000000F 8B06                            mov eax, dword [ESI]
    26 00000011 C705[30000000]0000-             mov dword [cnt], 0
    26 00000019 0000               
    27                                          
    28                                          repeta2:
    29 0000001B 83F800                              cmp eax, 0
    30 0000001E 7415                                je afara
    31 00000020 89C3                                mov ebx, eax 
    32 00000022 83E307                              and ebx, 0111b
    33 00000025 83FB07                              cmp ebx, 0111b
    34                                              
    35 00000028 7507                                jne sari
    36 0000002A 8305[30000000]01                    add dword [cnt], 1
    37                                              
    38                                              sari:
    39                                              
    40 00000031 D1E8                                shr eax, 1
    41 00000033 EBE6                            jmp repeta2
    42                                          afara:
    43                                          
    44 00000035 833D[30000000]02                cmp dword [cnt], 2
    45 0000003C 7207                            jb nu_ma_intere
    46                                          
    47 0000003E 8B06                            mov eax, dword [ESI] 
    48                                          
    49 00000040 8907                            mov [edi], eax
    50 00000042 83C704                          add edi, 4
    51                                          
    52                                          nu_ma_intere:
    53 00000045 83C608                          add esi, 8
    54 00000048 E2C5                        loop repeta
    55                                      
    56 0000004A BE[20000000]                mov esi, rez
    57 0000004F B904000000                  mov ecx, len
    58                                          
    59                                      start_loop:
    60 00000054 8B06                            mov eax, dword [ESI]
    61                                          
    62 00000056 83F800                          cmp eax, 0
    63 00000059 744F                            je no_print
    64                                        
    65                                          
    66 0000005B 89C3                            mov ebx, eax
    67                                          start_loop2:
    68 0000005D 891D[3B000000]                      mov dword [aux], ebx
    69 00000063 83E301                              and ebx, 1b
    70 00000066 53                                  push ebx
    71 00000067 8B1D[3B000000]                      mov dword ebx, [aux]
    72 0000006D D1EB                                shr ebx, 1
    73 0000006F 83FB00                              cmp ebx, 0
    74 00000072 75E9                            jnz start_loop2
    75                                          
    76 00000074 A3[3B000000]                    mov dword [aux], eax
    77                                          start_loop3:
    78 00000079 5B                                  pop ebx
    79                                              
    80 0000007A 51                                  push ecx
    81                                              
    82 0000007B 53                                  push ebx
    83 0000007C 68[34000000]                        push dword print
    84 00000081 FF15[00000000]                      call [printf]
    85 00000087 83C408                              add esp, 4 * 2
    86                                              
    87 0000008A 59                                  pop ecx
    88                                              
    89 0000008B D12D[3B000000]                      shr dword [aux], 1
    90 00000091 833D[3B000000]00                    cmp dword [aux], 0
    91 00000098 75DF                            jnz start_loop3
    92                                          
    93                                      
    94 0000009A 51                              push ecx
    95                                          
    96 0000009B 68[3F000000]                    push dword new_line
    97 000000A0 FF15[00000000]                  call [printf]
    98 000000A6 83C404                          add esp, 4
    99                                          
   100 000000A9 59                              pop ecx
   101                                          
   102                                          no_print:
   103 000000AA 83C604                          add esi, 4
   104 000000AD E2A5                        loop start_loop
   105                                      
   106 000000AF 6A00                        push dword 0
   107 000000B1 FF15[00000000]              call [exit]
   108                                      
