     1                                  bits 32
     2                                  
     3                                  global start
     4                                  
     5                                  extern exit, fopen, fprintf, fclose, printf, fscanf, scanf
     6                                  import exit msvcrt.dll
     7                                  import fopen msvcrt.dll
     8                                  import fprintf msvcrt.dll
     9                                  import fclose msvcrt.dll
    10                                  import exit msvcrt.dll    
    11                                  import printf msvcrt.dll    ; tell the assembler that function printf is found in msvcrt.dll library
    12                                  import scanf msvcrt.dll     ; similar for scanf
    13                                  import fscanf msvcrt.dll  
    14                                  
    15                                  segment data use32 class=data
    16 00000000 6C7563612E74787400          file_name db "luca.txt", 0
    17 00000009 7200                        access_mode db "r", 0
    18 0000000B FFFFFFFF                    file_descriptor dd -1
    19 0000000F 00000000                    len dd 0
    20 00000013 00000000                    space dd 0
    21 00000017 256300                      char_format db "%c", 0
    22 0000001A 00                          char db 0
    23 0000001B 6C7563615F6F75742E-         file_name_output db "luca_out.txt", 0
    23 00000024 74787400           
    24 00000028 7700                        access_mode_output db "w", 0
    25 0000002A FFFFFFFF                    file_descriptor_output dd -1
    26 0000002E 25640A00                    format_num_car db "%d", 10, 0
    27 00000032 0A00                        newline db 10, 0
    28                                      
    29                                  segment code use32 class=code
    30                                  start:
    31 00000000 68[09000000]               push dword access_mode
    32 00000005 68[00000000]               push dword file_name
    33 0000000A FF15[00000000]             call [fopen] 
    34 00000010 83C408                     add esp, 4 * 2
    35                                     
    36 00000013 83F800                     cmp eax, 0
    37 00000016 0F8EBA010000               jle final
    38                                     
    39 0000001C A3[0B000000]               mov [file_descriptor], eax
    40                                     
    41                                     
    42 00000021 68[28000000]               push dword access_mode_output
    43 00000026 68[1B000000]               push dword file_name_output
    44 0000002B FF15[00000000]             call [fopen] 
    45 00000031 83C408                     add esp, 4 * 2
    46                                     
    47 00000034 83F800                     cmp eax, 0
    48 00000037 0F8499010000               je final
    49                                     
    50 0000003D A3[2A000000]               mov [file_descriptor_output], eax
    51                                     
    52                                     
    53 00000042 BB00000000                 mov ebx, 0
    54                                     
    55                                  read:
    56 00000047 68[1A000000]                push dword char
    57 0000004C 68[17000000]                push dword char_format
    58 00000051 FF35[0B000000]              push dword [file_descriptor]
    59 00000057 FF15[00000000]              call [fscanf]
    60 0000005D 83C40C                      add esp, 4 * 3
    61                                      
    62 00000060 83F800                      cmp eax, 0
    63 00000063 7E2E                        jle close
    64                                      
    65 00000065 B800000000                  mov eax, 0
    66 0000006A A0[1A000000]                mov al, byte [char]
    67                                      
    68 0000006F 3C20                        cmp al, ' '
    69 00000071 7506                        jne next
    70 00000073 FF05[13000000]              inc dword [space]
    71                                      
    72                                  next: 
    73 00000079 50                          push eax
    74 0000007A 68[17000000]                push dword char_format
    75 0000007F FF35[2A000000]              push dword [file_descriptor_output]
    76 00000085 FF15[00000000]              call [fprintf]
    77 0000008B 83C40C                      add esp, 4 * 3
    78                                      
    79 0000008E 83C301                      add ebx, 1
    80                                      
    81 00000091 EBB4                        jmp read
    82                                  
    83                                  close:
    84 00000093 68[32000000]                push dword newline
    85 00000098 FF35[2A000000]              push dword [file_descriptor_output]
    86 0000009E FF15[00000000]              call [fprintf]
    87 000000A4 83C40C                      add esp, 4 * 3
    88                                      
    89 000000A7 53                          push ebx
    90 000000A8 68[2E000000]                push dword format_num_car
    91 000000AD FF35[2A000000]              push dword [file_descriptor_output]
    92 000000B3 FF15[00000000]              call [fprintf]
    93 000000B9 83C40C                      add esp, 4 * 3
    94                                    
    95                                      
    96 000000BC FF35[13000000]              push dword [space]
    97 000000C2 68[2E000000]                push dword format_num_car
    98 000000C7 FF35[2A000000]              push dword [file_descriptor_output]
    99 000000CD FF15[00000000]              call [fprintf]
   100 000000D3 83C40C                      add esp, 4 * 3
   101                                  
   102 000000D6 FF35[0B000000]              push dword [file_descriptor]
   103 000000DC FF15[00000000]              call [fclose]
   104 000000E2 83C404                      add esp, 4
   105                                  
   106                                  open_again:
   107 000000E5 68[09000000]                push dword access_mode
   108 000000EA 68[00000000]                push dword file_name
   109 000000EF FF15[00000000]              call [fopen] 
   110 000000F5 83C408                      add esp, 4 * 2
   111                                     
   112 000000F8 83F800                      cmp eax, 0
   113 000000FB 7E56                        jle close1
   114                                     
   115 000000FD A3[0B000000]                mov [file_descriptor], eax    
   116                                      
   117                                  read1:
   118 00000102 68[1A000000]                push dword char
   119 00000107 68[17000000]                push dword char_format
   120 0000010C FF35[0B000000]              push dword [file_descriptor]
   121 00000112 FF15[00000000]              call [fscanf]
   122 00000118 83C40C                      add esp, 4 * 3
   123                                      
   124 0000011B 83F800                      cmp eax, 0
   125 0000011E 7E33                        jle close1
   126                                      
   127 00000120 B800000000                  mov eax, 0
   128 00000125 A0[1A000000]                mov al, byte [char]
   129                                      
   130 0000012A 3C2F                        cmp al, "/"
   131 0000012C 7502                        jne next1
   132 0000012E B02B                        mov al, 43
   133                                  next1:
   134 00000130 3C2D                        cmp al, "-"
   135 00000132 7502                        jne next2
   136 00000134 B02B                        mov al, 43
   137                                  next2:
   138 00000136 3C2A                        cmp al, "*"
   139 00000138 7502                        jne next3
   140 0000013A B02B                        mov al, 43
   141                                  next3:
   142                                  
   143 0000013C 50                          push eax
   144 0000013D 68[17000000]                push dword char_format
   145 00000142 FF35[2A000000]              push dword [file_descriptor_output]
   146 00000148 FF15[00000000]              call [fprintf]
   147 0000014E 83C40C                      add esp, 4 * 3
   148                                      
   149                                      
   150 00000151 EBAF                        jmp read1
   151                                  
   152                                  close1:
   153 00000153 FF35[0B000000]              push dword [file_descriptor]
   154 00000159 FF15[00000000]              call [fclose]
   155 0000015F 83C404                      add esp, 4
   156                                      
   157                                  open_again1:
   158 00000162 68[09000000]                push dword access_mode
   159 00000167 68[00000000]                push dword file_name
   160 0000016C FF15[00000000]              call [fopen] 
   161 00000172 83C408                      add esp, 4 * 2
   162                                     
   163 00000175 83F800                      cmp eax, 0
   164 00000178 7E5C                        jle final
   165                                     
   166 0000017A A3[0B000000]                mov [file_descriptor], eax    
   167                                      
   168 0000017F 68[32000000]                push dword newline
   169 00000184 FF35[2A000000]              push dword [file_descriptor_output]
   170 0000018A FF15[00000000]              call [fprintf]
   171 00000190 83C40C                      add esp, 4 * 3
   172                                      
   173                                  read2:
   174 00000193 68[1A000000]                push dword char
   175 00000198 68[17000000]                push dword char_format
   176 0000019D FF35[0B000000]              push dword [file_descriptor]
   177 000001A3 FF15[00000000]              call [fscanf]
   178 000001A9 83C40C                      add esp, 4 * 3
   179                                      
   180 000001AC 83F800                      cmp eax, 0
   181 000001AF 7E25                        jle final
   182                                      
   183 000001B1 B800000000                  mov eax, 0
   184 000001B6 A0[1A000000]                mov al, byte [char]
   185                                      
   186 000001BB 3C20                        cmp al, " "
   187 000001BD 7415                        je next11
   188                                  
   189                                  
   190 000001BF 50                          push eax
   191 000001C0 68[17000000]                push dword char_format
   192 000001C5 FF35[2A000000]              push dword [file_descriptor_output]
   193 000001CB FF15[00000000]              call [fprintf]
   194 000001D1 83C40C                      add esp, 4 * 3
   195                                  next11:
   196                                      
   197 000001D4 EBBD                        jmp read2
   198                                      
   199                                  final:
   200 000001D6 FF35[2A000000]              push dword [file_descriptor_output]
   201 000001DC FF15[00000000]              call [fclose]
   202 000001E2 83C404                      add esp, 4
   203                                      
   204 000001E5 6A00                        push    dword 0    
   205 000001E7 FF15[00000000]              call    [exit]     
   206                                      
