     1                                  bits 32
     2                                  
     3                                  global start
     4                                  
     5                                  extern exit, fopen, fprintf, fclose, printf, fscanf, scanf
     6                                  import exit msvcrt.dll
     7                                  import fopen msvcrt.dll
     8                                  import fprintf msvcrt.dll
     9                                  import fclose msvcrt.dll
    10                                  import exit msvcrt.dll    
    11                                  import printf msvcrt.dll    ; tell the assembler that function printf is found in msvcrt.dll library
    12                                  import scanf msvcrt.dll     ; similar for scanf
    13                                  import fscanf msvcrt.dll  
    14                                  
    15                                  segment data use32 class=data
    16 00000000 7478742E74787400            file_name_read db "txt.txt", 0
    17 00000008 7200                        acess_mode_read db "r", 0
    18 0000000A FFFFFFFF                    file_descriptor_read dd -1
    19                                      
    20 0000000E 257300                      string_format_read db "%s", 0
    21                                      
    22 00000011 6F75747075742E7478-         file_name_write db "output.txt", 0
    22 0000001A 7400               
    23 0000001C 7700                        acess_mode_write db "w", 0
    24 0000001E FFFFFFFF                    file_descriptor_write dd -1
    25                                      
    26 00000022 25732000                    string_format_write db "%s ", 0
    27 00000026 257300                      format db "%s", 0
    28 00000029 00                          text db 0
    29                                      
    30 0000002A 2B00000000000000            special_c dd "+", 0
    31 00000032 00                          char db 0
    32 00000033 256300                      char_format_write db "%c", 0
    33 00000036 00000000                    n dd 0
    34                                      
    35 0000003A 257320256320256400          read_from_k db "%s %c %d", 0
    36 00000043 2B                          specia_caracter db "+"
    37                                      
    38 00000044 256400                      print_check db "%d", 0
    39                                      
    40                                  segment code use32 class=code
    41                                  start:
    42                                     
    43                                  open_file:   
    44 00000000 68[1C000000]                push dword acess_mode_write
    45 00000005 68[11000000]                push dword file_name_write
    46 0000000A FF15[00000000]              call dword [fopen]
    47 00000010 83C408                      add esp, 4 * 2
    48                                      
    49 00000013 83F800                      cmp eax, 0
    50 00000016 0F848E000000                je final
    51 0000001C A3[1E000000]                mov [file_descriptor_write], eax
    52                                      
    53                                      
    54                                      ; push dword n
    55                                      ; push dword specia_caracter
    56                                      ; push dword file_name_read
    57                                      ; push dword read_from_k
    58                                      ; call [scanf]
    59                                      ; add esp, 4 * 4
    60                                      
    61                                      
    62 00000021 68[08000000]                push dword acess_mode_read
    63 00000026 68[00000000]                push dword file_name_read
    64 0000002B FF15[00000000]              call dword [fopen]
    65 00000031 83C408                      add esp, 4 * 2
    66                                      
    67 00000034 83F800                      cmp eax, 0
    68 00000037 7471                        je final
    69 00000039 A3[0A000000]                mov [file_descriptor_read], eax
    70                                      
    71                                      
    72                                  read:
    73 0000003E 68[29000000]                push dword text
    74 00000043 68[26000000]                push dword format
    75 00000048 FF35[0A000000]              push dword [file_descriptor_read]
    76 0000004E FF15[00000000]              call [fscanf]
    77 00000054 83C40C                      add esp, 4 * 3
    78                                      
    79 00000057 83F800                      cmp eax, 0
    80 0000005A 7E30                        jle close
    81                                      
    82                                      ; push dword text 
    83                                      ; push dword [file_descriptor_write]
    84                                      ; call [fprintf]
    85                                      ; add esp, 4 * 2 
    86                                      
    87 0000005C FC                          cld
    88 0000005D BE[29000000]                mov esi, text
    89                                      
    90 00000062 B900000000                  mov ecx, 0
    91                                      check:
    92 00000067 AC                              lodsb
    93 00000068 3C00                            cmp al, 0
    94 0000006A 741E                            je done 
    95                                          
    96 0000006C 83C101                          add ecx, 1
    97                                          
    98 0000006F A2[32000000]                    mov [char], al
    99 00000074 68[32000000]                    push dword char
   100 00000079 FF35[1E000000]                  push dword [file_descriptor_write]
   101 0000007F FF15[00000000]                  call [fprintf]
   102 00000085 83C408                          add esp, 4 * 2  
   103                                          
   104 00000088 EBDD                            jmp check
   105                                     
   106                                  
   107                                      
   108                                  done:   
   109                                      
   110                                      ; cmp [n], ecx 
   111                                      ; ja read_continue
   112                                      
   113                                      ; start_loop:
   114                                          ; push ecx 
   115                                          
   116                                          ; push dword special_c
   117                                          ; push dword [file_descriptor_write]
   118                                          ; call [fprintf]
   119                                          ; add esp, 4 * 2  
   120                                          
   121                                          ; pop ecx
   122                                      ; loop start_loop
   123                                      
   124                                  ; read_continue:    
   125 0000008A EBB2                        jmp read
   126                                     
   127                                  close:
   128                                  
   129                                      ; push dword file_name_read
   130                                      ; push dword [file_descriptor_write]
   131                                      ; call [fprintf]
   132                                      ; add esp, 4 * 2 
   133                                  
   134 0000008C FF35[0A000000]              push dword [file_descriptor_read]
   135 00000092 FF15[00000000]              call dword [fclose]
   136 00000098 83C404                      add esp, 4
   137                                      
   138 0000009B FF35[1E000000]              push dword [file_descriptor_write]
   139 000000A1 FF15[00000000]              call dword [fclose]
   140 000000A7 83C404                      add esp, 4
   141                                      
   142                                  final: 
   143 000000AA 6A00                        push    dword 0    
   144 000000AC FF15[00000000]              call    [exit]     
   145                                      
   146                                    
